0^a
50^
150^a
250^
300^a
400^
500^b
550^
550^
550^b
650^
